// Jest Snapshot v1, https://goo.gl/fbAQLP

exports[`<WebMessengerUI /> should match snapshot 1`] = `
<WebMessengerCore>
  <Component />
</WebMessengerCore>
`;
